<?xml version="1.0" encoding="UTF-8"?>
<TestRun id="f829f9db-b4c0-4134-8b73-08f724b19d3c" name="TOM@TOMSDESKTOP 2010-03-29 20:14:23" runUser="TOMSDESKTOP\TOM" xmlns="http://microsoft.com/schemas/VisualStudio/TeamTest/2006">
  <TestRunConfiguration name="Local Test Run" id="54f97f82-0ffe-406b-8f95-66cfa2bc05ce">
    <Description>This is a default test run configuration for a local test run.</Description>
    <Deployment runDeploymentRoot="C:\Users\TOM\Documents\Visual Studio 2008\Projects\PDFtoEPUB\TestResults\TOM_TOMSDESKTOP 2010-03-29 20_14_23">
      <DeploymentItem filename="C:\Users\TOM\Documents\Visual Studio 2008\Projects\PDFtoEPUB\Crabwise.EPUBConversion\bin\Debug\Crabwise.EPUBConversion.dll" />
    </Deployment>
    <TestTypeSpecific />
  </TestRunConfiguration>
  <ResultSummary outcome="Completed">
    <Counters total="1" executed="1" passed="1" error="0" failed="0" timeout="0" aborted="0" inconclusive="0" passedButRunAborted="0" notRunnable="0" notExecuted="0" disconnected="0" warning="0" completed="0" inProgress="0" pending="0" />
  </ResultSummary>
  <Times creation="2010-03-29T20:14:23.0138539-04:00" queuing="2010-03-29T20:14:23.3018704-04:00" start="2010-03-29T20:14:23.3218715-04:00" finish="2010-03-29T20:14:23.4228773-04:00" />
  <TestDefinitions>
    <UnitTest name="TestMethod1" storage="c:\users\tom\documents\visual studio 2008\projects\pdftoepub\epubconversiontester\bin\debug\epubconversiontester.dll" id="cdf5392a-e6f8-5d18-d840-61fd2fac53d1">
      <Css projectStructure="" iteration="" />
      <Owners>
        <Owner name="" />
      </Owners>
      <Execution id="3e734663-5ecd-48a7-8e6e-5d0b22b6a103" />
      <TestMethod codeBase="C:\Users\TOM\Documents\Visual Studio 2008\Projects\PDFtoEPUB\EPUBConversionTester\bin\Debug\EPUBConversionTester.dll" adapterTypeName="Microsoft.VisualStudio.TestTools.TestTypes.Unit.UnitTestAdapter, Microsoft.VisualStudio.QualityTools.Tips.UnitTest.Adapter, Version=9.0.0.0, Culture=neutral, PublicKeyToken=b03f5f7f11d50a3a" className="EPUBConversionTester.UnitTest1, EPUBConversionTester" name="TestMethod1" />
    </UnitTest>
  </TestDefinitions>
  <TestLists>
    <TestList name="Results Not in a List" id="8c84fa94-04c1-424b-9868-57a2d4851a1d" />
    <TestList name="All Loaded Results" id="19431567-8539-422a-85d7-44ee4e166bda" />
  </TestLists>
  <TestEntries>
    <TestEntry testId="cdf5392a-e6f8-5d18-d840-61fd2fac53d1" executionId="3e734663-5ecd-48a7-8e6e-5d0b22b6a103" testListId="8c84fa94-04c1-424b-9868-57a2d4851a1d" />
  </TestEntries>
  <Results>
    <UnitTestResult executionId="3e734663-5ecd-48a7-8e6e-5d0b22b6a103" testId="cdf5392a-e6f8-5d18-d840-61fd2fac53d1" testName="TestMethod1" computerName="TOMSDESKTOP" duration="00:00:00.0090560" startTime="2010-03-29T20:14:23.3228716-04:00" endTime="2010-03-29T20:14:23.4178770-04:00" testType="13cdc9d9-ddb5-4fa4-a97d-d965ccfc6d4b" outcome="Passed" testListId="8c84fa94-04c1-424b-9868-57a2d4851a1d">
      <Output>
        <StdOut>C:\Users\TOM\Documents\Visual Studio 2008\Projects\PDFtoEPUB\TestResults\TOM_TOMSDESKTOP 2010-03-29 20_14_23\Out</StdOut>
      </Output>
    </UnitTestResult>
  </Results>
</TestRun>